[0.085s] Invoking command in '/root/ws/assets/package-01/build/package-01': /usr/bin/cmake /root/ws/assets/package-01 -DCMAKE_INSTALL_PREFIX=/root/ws/assets/package-01/install/package-01
[0.114s] -- Found ament_cmake: 1.3.8 (/opt/ros/humble/share/ament_cmake/cmake)
[0.320s] Error parsing '/root/ws/assets/package-01/package.xml':
[0.320s] Traceback (most recent call last):
[0.321s]   File "/usr/local/lib/python3.10/dist-packages/catkin_pkg/package.py", line 610, in parse_package_string
[0.321s]     root = dom.parseString(data)
[0.322s]   File "/usr/lib/python3.10/xml/dom/minidom.py", line 2000, in parseString
[0.322s]     return expatbuilder.parseString(string)
[0.323s]   File "/usr/lib/python3.10/xml/dom/expatbuilder.py", line 925, in parseString
[0.323s]     return builder.parseString(string)
[0.324s]   File "/usr/lib/python3.10/xml/dom/expatbuilder.py", line 223, in parseString
[0.324s]     parser.Parse(string, True)
[0.324s] xml.parsers.expat.ExpatError: junk after document element: line 3, column 0
[0.325s] 
[0.325s] During handling of the above exception, another exception occurred:
[0.326s] 
[0.326s] Traceback (most recent call last):
[0.327s]   File "/opt/ros/humble/share/ament_cmake_core/cmake/core/package_xml_2_cmake.py", line 150, in <module>
[0.327s]     main()
[0.327s]   File "/opt/ros/humble/share/ament_cmake_core/cmake/core/package_xml_2_cmake.py", line 53, in main
[0.328s]     raise e
[0.328s]   File "/opt/ros/humble/share/ament_cmake_core/cmake/core/package_xml_2_cmake.py", line 49, in main
[0.329s]     package = parse_package_string(
[0.329s]   File "/usr/local/lib/python3.10/dist-packages/catkin_pkg/package.py", line 612, in parse_package_string
[0.330s]     raise InvalidPackage('The manifest contains invalid XML:\n%s' % ex, filename)
[0.330s] catkin_pkg.package.InvalidPackage: Error(s) in package '/root/ws/assets/package-01/package.xml':
[0.331s] The manifest contains invalid XML:
[0.331s] junk after document element: line 3, column 0
[0.331s] [31mCMake Error at /opt/ros/humble/share/ament_cmake_core/cmake/core/ament_package_xml.cmake:95 (message):
[0.332s]   execute_process(/usr/bin/python3
[0.332s]   /opt/ros/humble/share/ament_cmake_core/cmake/core/package_xml_2_cmake.py
[0.333s]   /root/ws/assets/package-01/package.xml
[0.333s]   /root/ws/assets/package-01/build/package-01/ament_cmake_core/package.cmake)
[0.334s]   returned error code 1
[0.334s] Call Stack (most recent call first):
[0.335s]   /opt/ros/humble/share/ament_cmake_core/cmake/core/ament_package_xml.cmake:49 (_ament_package_xml)
[0.335s]   /opt/ros/humble/share/ament_cmake_core/cmake/core/ament_package.cmake:63 (ament_package_xml)
[0.335s]   CMakeLists.txt:15 (ament_package)
[0.336s] 
[0.336s] [0m
[0.336s] -- Configuring incomplete, errors occurred!
[0.337s] See also "/root/ws/assets/package-01/build/package-01/CMakeFiles/CMakeOutput.log".
[0.351s] Invoked command in '/root/ws/assets/package-01/build/package-01' returned '1': /usr/bin/cmake /root/ws/assets/package-01 -DCMAKE_INSTALL_PREFIX=/root/ws/assets/package-01/install/package-01
