[0.090s] Invoking command in '/root/ws/assets/package-01/build/package-01': /usr/bin/cmake /root/ws/assets/package-01 -DCMAKE_INSTALL_PREFIX=/root/ws/assets/package-01/install/package-01
[0.368s] -- The C compiler identification is GNU 11.4.0
[0.544s] -- The CXX compiler identification is GNU 11.4.0
[0.585s] -- Detecting C compiler ABI info
[0.919s] -- Detecting C compiler ABI info - done
[0.937s] -- Check for working C compiler: /usr/bin/cc - skipped
[0.937s] -- Detecting C compile features
[0.938s] -- Detecting C compile features - done
[0.973s] -- Detecting CXX compiler ABI info
[1.317s] -- Detecting CXX compiler ABI info - done
[1.334s] -- Check for working CXX compiler: /usr/bin/c++ - skipped
[1.335s] -- Detecting CXX compile features
[1.336s] -- Detecting CXX compile features - done
[1.392s] -- Found ament_cmake: 1.3.8 (/opt/ros/humble/share/ament_cmake/cmake)
[1.522s] -- Found Python3: /usr/bin/python3 (found version "3.10.12") found components: Interpreter 
[1.792s] Error parsing '/root/ws/assets/package-01/package.xml':
[1.793s] Traceback (most recent call last):
[1.793s]   File "/usr/local/lib/python3.10/dist-packages/catkin_pkg/package.py", line 610, in parse_package_string
[1.794s]     root = dom.parseString(data)
[1.794s]   File "/usr/lib/python3.10/xml/dom/minidom.py", line 2000, in parseString
[1.795s]     return expatbuilder.parseString(string)
[1.795s]   File "/usr/lib/python3.10/xml/dom/expatbuilder.py", line 925, in parseString
[1.796s]     return builder.parseString(string)
[1.796s]   File "/usr/lib/python3.10/xml/dom/expatbuilder.py", line 223, in parseString
[1.797s]     parser.Parse(string, True)
[1.797s] xml.parsers.expat.ExpatError: junk after document element: line 3, column 0
[1.797s] 
[1.798s] During handling of the above exception, another exception occurred:
[1.798s] 
[1.799s] Traceback (most recent call last):
[1.799s]   File "/opt/ros/humble/share/ament_cmake_core/cmake/core/package_xml_2_cmake.py", line 150, in <module>
[1.800s]     main()
[1.800s]   File "/opt/ros/humble/share/ament_cmake_core/cmake/core/package_xml_2_cmake.py", line 53, in main
[1.800s]     raise e
[1.801s]   File "/opt/ros/humble/share/ament_cmake_core/cmake/core/package_xml_2_cmake.py", line 49, in main
[1.801s]     package = parse_package_string(
[1.802s]   File "/usr/local/lib/python3.10/dist-packages/catkin_pkg/package.py", line 612, in parse_package_string
[1.802s]     raise InvalidPackage('The manifest contains invalid XML:\n%s' % ex, filename)
[1.803s] catkin_pkg.package.InvalidPackage: Error(s) in package '/root/ws/assets/package-01/package.xml':
[1.803s] The manifest contains invalid XML:
[1.803s] junk after document element: line 3, column 0
[1.804s] [31mCMake Error at /opt/ros/humble/share/ament_cmake_core/cmake/core/ament_package_xml.cmake:95 (message):
[1.804s]   execute_process(/usr/bin/python3
[1.805s]   /opt/ros/humble/share/ament_cmake_core/cmake/core/package_xml_2_cmake.py
[1.805s]   /root/ws/assets/package-01/package.xml
[1.806s]   /root/ws/assets/package-01/build/package-01/ament_cmake_core/package.cmake)
[1.806s]   returned error code 1
[1.807s] Call Stack (most recent call first):
[1.807s]   /opt/ros/humble/share/ament_cmake_core/cmake/core/ament_package_xml.cmake:49 (_ament_package_xml)
[1.808s]   /opt/ros/humble/share/ament_cmake_core/cmake/core/ament_package.cmake:63 (ament_package_xml)
[1.808s]   CMakeLists.txt:15 (ament_package)
[1.809s] 
[1.809s] [0m
[1.810s] -- Configuring incomplete, errors occurred!
[1.810s] See also "/root/ws/assets/package-01/build/package-01/CMakeFiles/CMakeOutput.log".
[1.816s] Invoked command in '/root/ws/assets/package-01/build/package-01' returned '1': /usr/bin/cmake /root/ws/assets/package-01 -DCMAKE_INSTALL_PREFIX=/root/ws/assets/package-01/install/package-01
